// Jest Snapshot v1, https://goo.gl/fbAQLP

exports[`NoResultsFound should render correctly 1`] = `
<div
  className="no-results-found__wrapper layout-column layout-align-center-center"
>
  <h2
    className="no-results-found__title"
  >
    No Results Found
  </h2>
  <h3
    className="no-results-found__subtitle"
  >
    Sorry, but there are no products with such a colors and categories.
  </h3>
</div>
`;
