// Jest Snapshot v1, https://goo.gl/fbAQLP

exports[`ExploreStrainsList should render correctly 1`] = `
<div
  className="special-offer__container layout-row layout-align-center-center"
>
  <div
    className="special-offer__title"
  >
    Free shopping on orders of 75$+
  </div>
</div>
`;

exports[`SpecialOffer should render correctly 1`] = `
<div
  className="special-offer__container layout-row layout-align-center-center"
>
  <div
    className="special-offer__title"
  >
    Free shopping on orders of 75$+
  </div>
</div>
`;
